// Jest Snapshot v1, https://goo.gl/fbAQLP

exports[`Jest - APP snapshop renders correctly 1`] = `
<div
  className="App"
>
  <p
    className="App-intro"
  >
    To get started, edit 
    <code>
      src/App.js
    </code>
     and save to reload.
  </p>
</div>
`;
