// Jest Snapshot v1, https://goo.gl/fbAQLP

exports[`Jest - CategoryPage snapshop renders correctly 1`] = `<wrapper />`;
