// Jest Snapshot v1, https://goo.gl/fbAQLP

exports[`Jest - PostList snapshop renders correctly 1`] = `<div />`;
