// Jest Snapshot v1, https://goo.gl/fbAQLP

exports[`Jest - Post snapshop renders correctly 1`] = `<wrapper />`;
